The redeemer pointer: RdmrPtr Mint 0 points to a Plutus script that does not exist.
The pointers that can be resolved are: ResolvablePointers ShelleyBasedEraBabbage (fromList [])