transaction input 0 (in the order of the TxIds) points to a script hash that is not known.